ADXL355.h:246:13:MX_SPI1_Init	8	static
ADXL355.h:287:13:MX_GPIO_Init	48	static
ADXL355.h:338:13:MX_USART2_UART_Init	8	static
ADXL355.h:374:13:MX_TIM16_Init	8	static
ADXL355.c:72:6:SPI_write	16	static
ADXL355.c:82:6:SPI_read	16	static
ADXL355.c:91:8:WriteADXL355register	16	static
ADXL355.c:99:9:ReadADXL355register	24	static
ADXL355.c:108:6:adxl_init	8	static
ADXL355.c:117:5:check_adxl	16	static
ADXL355.c:145:6:ResetADXL355	40	static
ADXL355.c:185:6:InitializeADXL355	24	static
ADXL355.c:242:10:ReadADXL355acceleration	24	static
ADXL355.c:349:6:ADXL355DataReady	16	static
ADXL355.c:363:6:InitializeOversampleTotals	24	static
